[0;34m==>[0m Checking dependencies...
[0;32m[INFO][0m Dependencies OK
[0;34m==>[0m Setting up Mayhem firmware...
[0;32m[INFO][0m Initializing submodules...
[0;34m==>[0m Building libopencm3...
[0;32m[INFO][0m libopencm3 already built
[0;34m==>[0m Integrating MDK-Predator...
[0;34m==>[0m Building PortaPack firmware with MDK-Predator...
[  0%] Built target libopencm3_hackrf_usb
[  0%] Built target hackrf_usb_m0.elf
[  3%] Built target baseband_shared
[  6%] Built target hackrf_usb_ram_objects
[  9%] Built target baseband_adsbrx.elf
[ 10%] Built target baseband_sd_over_usb.elf
[ 11%] Built target baseband_afsktx.elf
[ 13%] Built target baseband_btletx.elf
[ 14%] Built target baseband_aprsrx.elf
[ 16%] Built target baseband_btlerx.elf
[ 17%] Built target baseband_ais.elf
[ 18%] Built target baseband_capture.elf
[ 19%] Built target baseband_am_audio.elf
[ 20%] Built target baseband_sonde.elf
[ 21%] Built target baseband_fsktx.elf
[ 23%] Built target baseband_fskrx.elf
[ 25%] Built target baseband_mic_tx.elf
[ 27%] Built target baseband_ook.elf
[ 28%] Built target baseband_nfm_audio.elf
[ 29%] Built target baseband_pocsag2.elf
[ 30%] Built target baseband_replay.elf
[ 31%] Built target baseband_rds.elf
[ 31%] Building CXX object firmware/application/CMakeFiles/application.elf.dir/external/mdk_predator/app/main.cpp.obj
[ 31%] Building CXX object firmware/application/CMakeFiles/application.elf.dir/external/mdk_predator/app/mdk_predator_app.cpp.obj
[ 32%] Built target baseband_wideband_spectrum.elf
[ 32%] Building C object firmware/application/CMakeFiles/application.elf.dir/external/mdk_predator/src/mdk_predator.c.obj
[ 34%] Built target baseband_wfm_audio.elf
[01m[K/home/user/WebHacking/build/mdk-predator/build/mayhem-firmware/firmware/application/external/mdk_predator/src/mdk_predator.c:12:10:[m[K [01;31m[Kfatal error: [m[Kinput_validation.h: No such file or directory
   12 | #include [01;31m[K"input_validation.h"[m[K
      |          [01;31m[K^~~~~~~~~~~~~~~~~~~~[m[K
compilation terminated.
make[3]: *** [firmware/application/CMakeFiles/application.elf.dir/build.make:4086: firmware/application/CMakeFiles/application.elf.dir/external/mdk_predator/src/mdk_predator.c.obj] Error 1
make[3]: *** Waiting for unfinished jobs....
[ 34%] Linking CXX executable baseband_subghzd.elf
[ 34%] Linking CXX executable baseband_weather.elf
/usr/lib/gcc/arm-none-eabi/13.2.1/../../../arm-none-eabi/bin/ld: /usr/lib/gcc/arm-none-eabi/13.2.1/../../../arm-none-eabi/lib/thumb/v7e-m+fp/hard/libg_nano.a(libc_a-sbrkr.o): in function `_sbrk_r':
/build/newlib-38V0JC/newlib-4.4.0.20231231/build_nano/arm-none-eabi/thumb/v7e-m+fp/hard/newlib/../../../../../../newlib/libc/reent/sbrkr.c:51:(.text+0xc): undefined reference to `_sbrk'
Memory region         Used Size  Region Size  %age Used
           flash:       29648 B      32752 B     90.52%
             ram:       10864 B        96 KB     11.05%
         ram_usb:           0 B        32 KB      0.00%
/usr/lib/gcc/arm-none-eabi/13.2.1/../../../arm-none-eabi/bin/ld: /usr/lib/gcc/arm-none-eabi/13.2.1/../../../arm-none-eabi/lib/thumb/v7e-m+fp/hard/libg_nano.a(libc_a-sbrkr.o): in function `_sbrk_r':
/build/newlib-38V0JC/newlib-4.4.0.20231231/build_nano/arm-none-eabi/thumb/v7e-m+fp/hard/newlib/../../../../../../newlib/libc/reent/sbrkr.c:51:(.text+0xc): undefined reference to `_sbrk'
collect2: error: ld returned 1 exit status
make[3]: *** [firmware/baseband/CMakeFiles/baseband_subghzd.elf.dir/build.make:726: firmware/baseband/baseband_subghzd.elf] Error 1
make[2]: *** [CMakeFiles/Makefile2:1531: firmware/baseband/CMakeFiles/baseband_subghzd.elf.dir/all] Error 2
make[2]: *** Waiting for unfinished jobs....
Memory region         Used Size  Region Size  %age Used
           flash:       31016 B      32752 B     94.70%
             ram:       11476 B        96 KB     11.67%
         ram_usb:           0 B        32 KB      0.00%
collect2: error: ld returned 1 exit status
make[3]: *** [firmware/baseband/CMakeFiles/baseband_weather.elf.dir/build.make:726: firmware/baseband/baseband_weather.elf] Error 1
make[2]: *** [CMakeFiles/Makefile2:1557: firmware/baseband/CMakeFiles/baseband_weather.elf.dir/all] Error 2
make[2]: *** [CMakeFiles/Makefile2:958: firmware/application/CMakeFiles/application.elf.dir/all] Error 2
make[1]: *** [CMakeFiles/Makefile2:992: firmware/application/CMakeFiles/application.dir/rule] Error 2
make: *** [Makefile:407: application] Error 2
